uid=1000(david) gid=1000(david) groups=1000(david),992(input),998(wheel)
socket=srw-rw---- owner=root group=docker path=/var/run/docker.sock
Client:
 Version:           29.7.2
 API version:       1.55
 Go version:        go1.26.5-X:nodwarf5
 Git commit:        a7dcaa6fdb
 Built:             Thu Aug  6 16:23:26 2026
 OS/Arch:           linux/amd64
 Context:           default
permission denied while trying to connect to the docker API at unix:///var/run/docker.sock
DOCKER_VERSION_EXIT=1
Client:
 Version:    29.7.2
 Context:    default
 Debug Mode: false
 Plugins:
  buildx: Docker Buildx (Docker Inc.)
    Version:  0.36.1
    Path:     /usr/lib/docker/cli-plugins/docker-buildx
  compose: Docker Compose (Docker Inc.)
    Version:  5.5.0
    Path:     /usr/lib/docker/cli-plugins/docker-compose

Server:
permission denied while trying to connect to the docker API at unix:///var/run/docker.sock
DOCKER_INFO_EXIT=1
Docker Compose version 5.5.0
COMPOSE_VERSION_EXIT=0
